// Jest Snapshot v1, https://goo.gl/fbAQLP

exports[`config/redirects renders all current redirects 1`] = `
Array [
  Object {
    "destination": "/",
    "permanent": true,
    "source": "/home/",
  },
  Object {
    "destination": "/about",
    "permanent": true,
    "source": "/sobre/",
  },
  Object {
    "destination": "/projects",
    "permanent": true,
    "source": "/repo/",
  },
]
`;
